// Jest Snapshot v1, https://goo.gl/fbAQLP

exports[`Avatar renders in all sizes 1`] = `
Array [
  <div
    className="pgn__avatar pgn__avatar-xs"
  >
    <img
      alt=""
      src="test-file-stub"
    />
  </div>,
  <div
    className="pgn__avatar pgn__avatar-sm"
  >
    <img
      alt=""
      src="test-file-stub"
    />
  </div>,
  <div
    className="pgn__avatar pgn__avatar-md"
  >
    <img
      alt=""
      src="test-file-stub"
    />
  </div>,
  <div
    className="pgn__avatar pgn__avatar-lg"
  >
    <img
      alt=""
      src="test-file-stub"
    />
  </div>,
  <div
    className="pgn__avatar pgn__avatar-xl"
  >
    <img
      alt=""
      src="test-file-stub"
    />
  </div>,
]
`;
